[chain9] waiting for chain8 to finish...
[chain9] chain8 done at 2026-07-27T01:22:25Z
[chain9] === distributed, background load 0% ===
=== running distributed OMB for 4 min under 0% load on both hosts 01:23:38 ===
	at io.netty.channel.AbstractChannelHandlerContext.invokeChannelRead(AbstractChannelHandlerContext.java:365) ~[netty-all-4.1.65.Final.jar:4.1.65.Final]
	at io.netty.channel.AbstractChannelHandlerContext.fireChannelRead(AbstractChannelHandlerContext.java:357) ~[netty-all-4.1.65.Final.jar:4.1.65.Final]
	at io.netty.channel.DefaultChannelPipeline$HeadContext.channelRead(DefaultChannelPipeline.java:1410) ~[netty-all-4.1.65.Final.jar:4.1.65.Final]
	at io.netty.channel.AbstractChannelHandlerContext.invokeChannelRead(AbstractChannelHandlerContext.java:379) ~[netty-all-4.1.65.Final.jar:4.1.65.Final]
	at io.netty.channel.AbstractChannelHandlerContext.invokeChannelRead(AbstractChannelHandlerContext.java:365) ~[netty-all-4.1.65.Final.jar:4.1.65.Final]
	at io.netty.channel.DefaultChannelPipeline.fireChannelRead(DefaultChannelPipeline.java:919) ~[netty-all-4.1.65.Final.jar:4.1.65.Final]
	at io.netty.channel.nio.AbstractNioByteChannel$NioByteUnsafe.read(AbstractNioByteChannel.java:166) ~[netty-all-4.1.65.Final.jar:4.1.65.Final]
	at io.netty.channel.nio.NioEventLoop.processSelectedKey(NioEventLoop.java:719) ~[netty-all-4.1.65.Final.jar:4.1.65.Final]
	at io.netty.channel.nio.NioEventLoop.processSelectedKeysOptimized(NioEventLoop.java:655) ~[netty-all-4.1.65.Final.jar:4.1.65.Final]
	at io.netty.channel.nio.NioEventLoop.processSelectedKeys(NioEventLoop.java:581) ~[netty-all-4.1.65.Final.jar:4.1.65.Final]
	at io.netty.channel.nio.NioEventLoop.run(NioEventLoop.java:493) ~[netty-all-4.1.65.Final.jar:4.1.65.Final]
	at io.netty.util.concurrent.SingleThreadEventExecutor$4.run(SingleThreadEventExecutor.java:989) ~[netty-all-4.1.65.Final.jar:4.1.65.Final]
	at io.netty.util.internal.ThreadExecutorMap$2.run(ThreadExecutorMap.java:74) ~[netty-all-4.1.65.Final.jar:4.1.65.Final]
	at io.netty.util.concurrent.FastThreadLocalRunnable.run(FastThreadLocalRunnable.java:30) ~[netty-all-4.1.65.Final.jar:4.1.65.Final]
	at java.lang.Thread.run(Thread.java:840) ~[?:?]
Caused by: java.lang.IllegalArgumentException
	at com.google.common.base.Preconditions.checkArgument(Preconditions.java:128) ~[guava-29.0-jre.jar:?]
	at io.openmessaging.benchmark.worker.HttpWorkerClient.lambda$get$1(HttpWorkerClient.java:194) ~[classes/:?]
	at java.util.concurrent.CompletableFuture$UniApply.tryFire(CompletableFuture.java:646) ~[?:?]
	... 35 more
=== validating that the benchmark actually ran 01:24:23 ===
  'Pub rate' lines: 2   'Aggregated' lines: 0   failure lines: 1
NO VALID RUN: benchmark produced no latency output (pub=2 agg=0 failures=1)
wrote docs/results/external/dist_load0/omb_distributed_result.csv marked invalid; no count is reported
[chain9] load=0 finished at 2026-07-27T01:24:27Z
[chain9] === distributed, background load 50% ===
=== running distributed OMB for 4 min under 50% load on both hosts 01:25:58 ===
	at io.netty.channel.AbstractChannelHandlerContext.invokeChannelRead(AbstractChannelHandlerContext.java:365) ~[netty-all-4.1.65.Final.jar:4.1.65.Final]
	at io.netty.channel.AbstractChannelHandlerContext.fireChannelRead(AbstractChannelHandlerContext.java:357) ~[netty-all-4.1.65.Final.jar:4.1.65.Final]
	at io.netty.channel.DefaultChannelPipeline$HeadContext.channelRead(DefaultChannelPipeline.java:1410) ~[netty-all-4.1.65.Final.jar:4.1.65.Final]
	at io.netty.channel.AbstractChannelHandlerContext.invokeChannelRead(AbstractChannelHandlerContext.java:379) ~[netty-all-4.1.65.Final.jar:4.1.65.Final]
	at io.netty.channel.AbstractChannelHandlerContext.invokeChannelRead(AbstractChannelHandlerContext.java:365) ~[netty-all-4.1.65.Final.jar:4.1.65.Final]
	at io.netty.channel.DefaultChannelPipeline.fireChannelRead(DefaultChannelPipeline.java:919) ~[netty-all-4.1.65.Final.jar:4.1.65.Final]
	at io.netty.channel.nio.AbstractNioByteChannel$NioByteUnsafe.read(AbstractNioByteChannel.java:166) ~[netty-all-4.1.65.Final.jar:4.1.65.Final]
	at io.netty.channel.nio.NioEventLoop.processSelectedKey(NioEventLoop.java:719) ~[netty-all-4.1.65.Final.jar:4.1.65.Final]
	at io.netty.channel.nio.NioEventLoop.processSelectedKeysOptimized(NioEventLoop.java:655) ~[netty-all-4.1.65.Final.jar:4.1.65.Final]
	at io.netty.channel.nio.NioEventLoop.processSelectedKeys(NioEventLoop.java:581) ~[netty-all-4.1.65.Final.jar:4.1.65.Final]
	at io.netty.channel.nio.NioEventLoop.run(NioEventLoop.java:493) ~[netty-all-4.1.65.Final.jar:4.1.65.Final]
	at io.netty.util.concurrent.SingleThreadEventExecutor$4.run(SingleThreadEventExecutor.java:989) ~[netty-all-4.1.65.Final.jar:4.1.65.Final]
	at io.netty.util.internal.ThreadExecutorMap$2.run(ThreadExecutorMap.java:74) ~[netty-all-4.1.65.Final.jar:4.1.65.Final]
	at io.netty.util.concurrent.FastThreadLocalRunnable.run(FastThreadLocalRunnable.java:30) ~[netty-all-4.1.65.Final.jar:4.1.65.Final]
	at java.lang.Thread.run(Thread.java:840) ~[?:?]
Caused by: java.lang.IllegalArgumentException
	at com.google.common.base.Preconditions.checkArgument(Preconditions.java:128) ~[guava-29.0-jre.jar:?]
	at io.openmessaging.benchmark.worker.HttpWorkerClient.lambda$get$1(HttpWorkerClient.java:194) ~[classes/:?]
	at java.util.concurrent.CompletableFuture$UniApply.tryFire(CompletableFuture.java:646) ~[?:?]
	... 35 more
=== validating that the benchmark actually ran 01:26:50 ===
  'Pub rate' lines: 2   'Aggregated' lines: 0   failure lines: 1
NO VALID RUN: benchmark produced no latency output (pub=2 agg=0 failures=1)
wrote docs/results/external/dist_load50/omb_distributed_result.csv marked invalid; no count is reported
[chain9] load=50 finished at 2026-07-27T01:26:58Z
[chain9] === re-index ===
indexed 80 cells from docs/results/external
  valid            : 80
  invalid          : 0
  exact counts     : 76
  quantised/absent : 4
  logs covered     : 1879 MiB, hashed
wrote docs/results/external_campaigns_index.csv
[chain9] ALL DONE 2026-07-27T01:27:29Z
