=== resume: --speedup 0.008333 (true real time), window 180s, trial-timeout 400s 09:07:45 ===
=== E-B delay=0ms 09:07:45 ===

[SUCCESS] All runs completed successfully!
cloud/campaigns/resume_depth.sh: line 52: 114775 Killed                  stress-ng --cpu "$bg" --timeout 900s > /dev/null 2>&1
=== E-B delay=1ms 09:18:37 ===

[SUCCESS] All runs completed successfully!
cloud/campaigns/resume_depth.sh: line 52: 115686 Killed                  stress-ng --cpu "$bg" --timeout 900s > /dev/null 2>&1
=== E-B delay=5ms 09:29:27 ===

[SUCCESS] All runs completed successfully!
cloud/campaigns/resume_depth.sh: line 52: 116612 Killed                  stress-ng --cpu "$bg" --timeout 900s > /dev/null 2>&1
=== E-B delay=20ms 09:40:17 ===

[SUCCESS] All runs completed successfully!
cloud/campaigns/resume_depth.sh: line 52: 117536 Killed                  stress-ng --cpu "$bg" --timeout 900s > /dev/null 2>&1
=== E-B delay=50ms 09:51:05 ===

[WARNING] 6 runs failed. Check logs for details.
=== E-C stamping=callback 10:11:14 ===
                               concurrency plan_csv reps
run_concurrency_test.py: error: unrecognized arguments: 64 --trace-loop docs/results/depth/trace/callback.csv"
cloud/campaigns/resume_depth.sh: line 52: 119608 Killed                  stress-ng --cpu "$bg" --timeout 900s > /dev/null 2>&1
=== E-C stamping=inline 10:11:20 ===
                               concurrency plan_csv reps
run_concurrency_test.py: error: unrecognized arguments: 64 --trace-loop docs/results/depth/trace/inline.csv"
cloud/campaigns/resume_depth.sh: line 52: 119627 Killed                  stress-ng --cpu "$bg" --timeout 900s > /dev/null 2>&1
=== E-F N=1 replication boost (15 reps) 10:11:27 ===

[SUCCESS] All runs completed successfully!
=== E-G co-located 11:04:23 ===

[SUCCESS] All runs completed successfully!
cloud/campaigns/resume_depth.sh: line 52: 121639 Killed                  stress-ng --cpu "$bg" --timeout 900s > /dev/null 2>&1
=== E-G distributed 11:15:14 ===

[SUCCESS] All runs completed successfully!
cloud/campaigns/resume_depth.sh: line 52: 122561 Killed                  stress-ng --cpu "$bg" --timeout 900s > /dev/null 2>&1
=== DEPTH_SUITE_COMPLETE 11:26:06 ===
=== M1 CLIENT A/B (N=1 only) 11:26:06 ===
confluent-kafka 2.15.0
MANIPULATION_CHECK_FAILED - aborting
=== M1_DONE 11:26:06 ===
=== ARRIVAL PROCESS (180s windows) 11:26:06 ===
constant: 74 events over 180s (achieved 0.411 ev/s, requested 0.415) -> data/synthetic/constant/match_900000/replay_plan.csv
=== E-H arrival=constant rate=0.415 speedup=1.005164 11:26:06 ===

[SUCCESS] All runs completed successfully!
=== E-H arrival=constant accelerated 10x 11:46:51 ===

[SUCCESS] All runs completed successfully!
poisson: 74 events over 180s (achieved 0.411 ev/s, requested 0.415) -> data/synthetic/poisson/match_900000/replay_plan.csv
=== E-H arrival=poisson rate=0.415 speedup=1.000936 11:51:51 ===

[SUCCESS] All runs completed successfully!
=== E-H arrival=poisson accelerated 10x 12:12:32 ===

[SUCCESS] All runs completed successfully!
bursty: 80 events over 180s (achieved 0.444 ev/s, requested 0.415) -> data/synthetic/bursty/match_900000/replay_plan.csv
=== E-H arrival=bursty rate=0.415 speedup=1.001734 12:17:31 ===

[SUCCESS] All runs completed successfully!
=== E-H arrival=bursty accelerated 10x 12:38:22 ===

[SUCCESS] All runs completed successfully!
=== ARRIVAL_PROCESS_COMPLETE 12:43:22 ===
=== ALL_COMPLETE 12:43:22 ===
