===== THROUGHPUT speedup=1 12:14:50 =====
Summary: docs\results\concurrency_concurrency_n10_20260721_121450\concurrency_n10_20260721_121450_summary.json

[SUCCESS] All runs completed successfully!
===== THROUGHPUT speedup=2 12:20:37 =====
Summary: docs\results\concurrency_concurrency_n10_20260721_122037\concurrency_n10_20260721_122037_summary.json

[SUCCESS] All runs completed successfully!
===== THROUGHPUT speedup=4 12:24:38 =====
Summary: docs\results\concurrency_concurrency_n10_20260721_122438\concurrency_n10_20260721_122438_summary.json

[SUCCESS] All runs completed successfully!
===== THROUGHPUT speedup=8 12:27:50 =====
Summary: docs\results\concurrency_concurrency_n10_20260721_122750\concurrency_n10_20260721_122750_summary.json

[SUCCESS] All runs completed successfully!
===== THROUGHPUT speedup=16 12:30:38 =====
Summary: docs\results\concurrency_concurrency_n10_20260721_123038\concurrency_n10_20260721_123038_summary.json

[SUCCESS] All runs completed successfully!
===== THROUGHPUT SWEEP DONE 12:33:24 =====
===== REALTIME 1x N=1 12:33:24 =====
Summary: docs\results\concurrency_concurrency_n1_20260721_123324\concurrency_n1_20260721_123324_summary.json

[WARNING] 4 runs failed. Check logs for details.
===== REALTIME 1x N=5 12:34:32 =====
Summary: docs\results\concurrency_concurrency_n5_20260721_123432\concurrency_n5_20260721_123432_summary.json

[WARNING] 20 runs failed. Check logs for details.
===== REALTIME DONE 12:35:44 =====
