Wrote meta: runs\batch9p_20260617_redis_single_s2sf12_aofeverysec_rep1\meta.json
[0/4] 16:05:00 cleaning Redis stream: sb:events:batch9p_20260617_redis_single_s2sf12_aofeverysec_rep1
0
  [0/4] Stream cleaned
[1/4] 16:05:01 starting consumer...
  [1/4] Consumer started, PID: 20068
[2/4] 16:05:03 running producer...
  [2/4] Producer completed
[3/4] 16:05:05 waiting for consumer to finish...
  [3/4] Consumer finished
[4/4] 16:05:17 computing TTI...
Computed TTI metrics: 4465/4465 events matched
Wrote: runs\batch9p_20260617_redis_single_s2sf12_aofeverysec_rep1\tti_summary.json
DONE. Outputs:

    Directory: 
C:\Users\Gugar\Documents\streaming-latency-sports\runs\batch9p_20260617_redis_single_s2sf12_aofeverysec_rep1

[32;1mMode   [0m[32;1m              LastWriteTime[0m[32;1m         Length[0m[32;1m Name[0m
[32;1m----   [0m [32;1m             -------------[0m [32;1m        ------[0m [32;1m----[0m
-a---          2026-06-17    16:05        1325432 consumer_events.csv
-a---          2026-06-17    16:05        1026049 consumer.csv
-a---          2026-06-17    16:05            229 consumer.log
-a---          2026-06-17    16:05           4077 meta.json
-a---          2026-06-17    16:05        1178072 producer.csv
-a---          2026-06-17    16:05            116 producer.log
-a---          2026-06-17    16:05           1139 tti_summary.json
-a---          2026-06-17    16:05            132 tti_summary.printed.json

