Wrote meta: runs\batch9p_20260617_kafka_single_s2sf12_acksall_rep1\meta.json
[0/4] 16:04:01 ensuring topic exists: sb-events-batch9p_20260617_kafka_single_s2sf12_acksall_rep1
WARNING: Due to limitations in metric names, topics with a period ('.') or underscore ('_') could collide. To avoid issues it is best to use either, but not both.
Created topic sb-events-batch9p_20260617_kafka_single_s2sf12_acksall_rep1.
  [0/4] Topic ensured
[1/4] 16:04:03 starting consumer...
  [1/4] Consumer started, PID: 20184
[2/4] 16:04:06 running producer...
  [2/4] Producer completed
[3/4] 16:04:08 waiting for consumer to finish...
  [3/4] Consumer finished
[4/4] 16:04:18 computing TTI...
Computed TTI metrics: 4465/4465 events matched
Wrote: runs\batch9p_20260617_kafka_single_s2sf12_acksall_rep1\tti_summary.json
DONE. Outputs:

    Directory: C:\Users\Gugar\Documents\streaming-latency-sports\runs\batch9p_20260617_kafka_single_s2sf12_acksall_rep1

[32;1mMode   [0m[32;1m              LastWriteTime[0m[32;1m         Length[0m[32;1m Name[0m
[32;1m----   [0m [32;1m             -------------[0m [32;1m        ------[0m [32;1m----[0m
-a---          2026-06-17    16:04        1246184 consumer_events.csv
-a---          2026-06-17    16:04         918859 consumer.csv
-a---          2026-06-17    16:04            221 consumer.log
-a---          2026-06-17    16:04           3431 meta.json
-a---          2026-06-17    16:04        1070882 producer.csv
-a---          2026-06-17    16:04            107 producer.log
-a---          2026-06-17    16:04           1070 tti_summary.json
-a---          2026-06-17    16:04            128 tti_summary.printed.json

