Wrote meta: runs\batch9p_20260617_redis_single_s2sf12_aofalways_rep2\meta.json
[0/4] 16:06:37 cleaning Redis stream: sb:events:batch9p_20260617_redis_single_s2sf12_aofalways_rep2
0
  [0/4] Stream cleaned
[1/4] 16:06:38 starting consumer...
  [1/4] Consumer started, PID: 18792
[2/4] 16:06:40 running producer...
  [2/4] Producer completed
[3/4] 16:06:44 waiting for consumer to finish...
  [3/4] Consumer finished
[4/4] 16:07:19 computing TTI...
Computed TTI metrics: 4465/4465 events matched
Wrote: runs\batch9p_20260617_redis_single_s2sf12_aofalways_rep2\tti_summary.json
DONE. Outputs:

    Directory: 
C:\Users\Gugar\Documents\streaming-latency-sports\runs\batch9p_20260617_redis_single_s2sf12_aofalways_rep2

[32;1mMode   [0m[32;1m              LastWriteTime[0m[32;1m         Length[0m[32;1m Name[0m
[32;1m----   [0m [32;1m             -------------[0m [32;1m        ------[0m [32;1m----[0m
-a---          2026-06-17    16:07        1307602 consumer_events.csv
-a---          2026-06-17    16:07        1008219 consumer.csv
-a---          2026-06-17    16:07            225 consumer.log
-a---          2026-06-17    16:06           4706 meta.json
-a---          2026-06-17    16:06        1160242 producer.csv
-a---          2026-06-17    16:06            114 producer.log
-a---          2026-06-17    16:07           1200 tti_summary.json
-a---          2026-06-17    16:07            130 tti_summary.printed.json

