Wrote meta: runs\batch9p_20260617_redis_single_s2sf12_aofalways_rep1\meta.json
[0/4] 16:05:55 cleaning Redis stream: sb:events:batch9p_20260617_redis_single_s2sf12_aofalways_rep1
0
  [0/4] Stream cleaned
[1/4] 16:05:56 starting consumer...
  [1/4] Consumer started, PID: 22632
[2/4] 16:05:58 running producer...
  [2/4] Producer completed
[3/4] 16:06:02 waiting for consumer to finish...
  [3/4] Consumer finished
[4/4] 16:06:36 computing TTI...
Computed TTI metrics: 4465/4465 events matched
Wrote: runs\batch9p_20260617_redis_single_s2sf12_aofalways_rep1\tti_summary.json
DONE. Outputs:

    Directory: 
C:\Users\Gugar\Documents\streaming-latency-sports\runs\batch9p_20260617_redis_single_s2sf12_aofalways_rep1

[32;1mMode   [0m[32;1m              LastWriteTime[0m[32;1m         Length[0m[32;1m Name[0m
[32;1m----   [0m [32;1m             -------------[0m [32;1m        ------[0m [32;1m----[0m
-a---          2026-06-17    16:06        1308981 consumer_events.csv
-a---          2026-06-17    16:06        1009598 consumer.csv
-a---          2026-06-17    16:06            225 consumer.log
-a---          2026-06-17    16:05           4516 meta.json
-a---          2026-06-17    16:06        1161621 producer.csv
-a---          2026-06-17    16:06            114 producer.log
-a---          2026-06-17    16:06           1190 tti_summary.json
-a---          2026-06-17    16:06            130 tti_summary.printed.json

