Wrote meta: runs\batch9p_20260617_kafka_single_s2sf12_acks1_rep3\meta.json
[0/4] 16:03:42 ensuring topic exists: sb-events-batch9p_20260617_kafka_single_s2sf12_acks1_rep3
WARNING: Due to limitations in metric names, topics with a period ('.') or underscore ('_') could collide. To avoid issues it is best to use either, but not both.
Created topic sb-events-batch9p_20260617_kafka_single_s2sf12_acks1_rep3.
  [0/4] Topic ensured
[1/4] 16:03:45 starting consumer...
  [1/4] Consumer started, PID: 28824
[2/4] 16:03:47 running producer...
  [2/4] Producer completed
[3/4] 16:03:50 waiting for consumer to finish...
  [3/4] Consumer finished
[4/4] 16:04:00 computing TTI...
Computed TTI metrics: 4465/4465 events matched
Wrote: runs\batch9p_20260617_kafka_single_s2sf12_acks1_rep3\tti_summary.json
DONE. Outputs:

    Directory: C:\Users\Gugar\Documents\streaming-latency-sports\runs\batch9p_20260617_kafka_single_s2sf12_acks1_rep3

[32;1mMode   [0m[32;1m              LastWriteTime[0m[32;1m         Length[0m[32;1m Name[0m
[32;1m----   [0m [32;1m             -------------[0m [32;1m        ------[0m [32;1m----[0m
-a---          2026-06-17    16:04        1228324 consumer_events.csv
-a---          2026-06-17    16:04         900999 consumer.csv
-a---          2026-06-17    16:04            217 consumer.log
-a---          2026-06-17    16:03           3288 meta.json
-a---          2026-06-17    16:03        1053022 producer.csv
-a---          2026-06-17    16:03            105 producer.log
-a---          2026-06-17    16:04           1061 tti_summary.json
-a---          2026-06-17    16:04            126 tti_summary.printed.json

