Wrote meta: runs\batch9p_20260617_kafka_single_s2sf12_acks1_rep2\meta.json
[0/4] 16:03:22 ensuring topic exists: sb-events-batch9p_20260617_kafka_single_s2sf12_acks1_rep2
WARNING: Due to limitations in metric names, topics with a period ('.') or underscore ('_') could collide. To avoid issues it is best to use either, but not both.
Created topic sb-events-batch9p_20260617_kafka_single_s2sf12_acks1_rep2.
  [0/4] Topic ensured
[1/4] 16:03:24 starting consumer...
  [1/4] Consumer started, PID: 30128
[2/4] 16:03:26 running producer...
  [2/4] Producer completed
[3/4] 16:03:28 waiting for consumer to finish...
  [3/4] Consumer finished
[4/4] 16:03:39 computing TTI...
Computed TTI metrics: 4465/4465 events matched
Wrote: runs\batch9p_20260617_kafka_single_s2sf12_acks1_rep2\tti_summary.json
DONE. Outputs:

    Directory: C:\Users\Gugar\Documents\streaming-latency-sports\runs\batch9p_20260617_kafka_single_s2sf12_acks1_rep2

[32;1mMode   [0m[32;1m              LastWriteTime[0m[32;1m         Length[0m[32;1m Name[0m
[32;1m----   [0m [32;1m             -------------[0m [32;1m        ------[0m [32;1m----[0m
-a---          2026-06-17    16:03        1228324 consumer_events.csv
-a---          2026-06-17    16:03         900999 consumer.csv
-a---          2026-06-17    16:03            217 consumer.log
-a---          2026-06-17    16:03           3151 meta.json
-a---          2026-06-17    16:03        1053022 producer.csv
-a---          2026-06-17    16:03            105 producer.log
-a---          2026-06-17    16:03           1050 tti_summary.json
-a---          2026-06-17    16:03            126 tti_summary.printed.json

