Traceback (most recent call last):
  File "C:\Users\Gugar\AppData\Roaming\Python\Python39\site-packages\redis\connection.py", line 855, in connect_check_health
    sock = self.retry.call_with_retry(
  File "C:\Users\Gugar\AppData\Roaming\Python\Python39\site-packages\redis\retry.py", line 116, in call_with_retry
    return do()
  File "C:\Users\Gugar\AppData\Roaming\Python\Python39\site-packages\redis\connection.py", line 856, in <lambda>
    lambda: self._connect(), lambda error: self.disconnect(error)
  File "C:\Users\Gugar\AppData\Roaming\Python\Python39\site-packages\redis\connection.py", line 1306, in _connect
    raise err
  File "C:\Users\Gugar\AppData\Roaming\Python\Python39\site-packages\redis\connection.py", line 1290, in _connect
    sock.connect(socket_address)
ConnectionRefusedError: [WinError 10061] No connection could be made because the target machine actively refused it

During handling of the above exception, another exception occurred:

Traceback (most recent call last):
  File "C:\Users\Gugar\Documents\streaming-latency-sports\scripts\redis_producer.py", line 346, in <module>
    main()
  File "C:\Users\Gugar\Documents\streaming-latency-sports\scripts\redis_producer.py", line 264, in main
    redis_id = r.xadd(
  File "C:\Users\Gugar\AppData\Roaming\Python\Python39\site-packages\redis\commands\core.py", line 3575, in xadd
    return self.execute_command("XADD", name, *pieces)
  File "C:\Users\Gugar\AppData\Roaming\Python\Python39\site-packages\redis\client.py", line 657, in execute_command
    return self._execute_command(*args, **options)
  File "C:\Users\Gugar\AppData\Roaming\Python\Python39\site-packages\redis\client.py", line 663, in _execute_command
    conn = self.connection or pool.get_connection()
  File "C:\Users\Gugar\AppData\Roaming\Python\Python39\site-packages\redis\utils.py", line 196, in wrapper
    return func(*args, **kwargs)
  File "C:\Users\Gugar\AppData\Roaming\Python\Python39\site-packages\redis\connection.py", line 2601, in get_connection
    connection.connect()
  File "C:\Users\Gugar\AppData\Roaming\Python\Python39\site-packages\redis\connection.py", line 846, in connect
    self.connect_check_health(check_health=True)
  File "C:\Users\Gugar\AppData\Roaming\Python\Python39\site-packages\redis\connection.py", line 863, in connect_check_health
    raise ConnectionError(self._error_message(e))
redis.exceptions.ConnectionError: Error 10061 connecting to localhost:16379. No connection could be made because the target machine actively refused it.
OK redis producer: wrote 4465 base rows -> runs\batch3_20260616_redis_single_s2sf12_n10_rep1\producer.csv
